13:06:37 **** Auto Build of configuration Debug for project ratata ****
make all 
Building file: ../src/helloworld.c
Invoking: ARM gcc compiler
arm-xilinx-eabi-gcc -Wall -O0 -g3 -c -fmessage-length=0 -MT"src/helloworld.o" -I../../ratata_bsp/ps7_cortexa9_0/include -MMD -MP -MF"src/helloworld.d" -MT"src/helloworld.d" -o "src/helloworld.o" "../src/helloworld.c"
Finished building: ../src/helloworld.c
 
Building target: ratata.elf
Invoking: ARM gcc linker
arm-xilinx-eabi-gcc -Wl,-T -Wl,../src/lscript.ld -L../../ratata_bsp/ps7_cortexa9_0/lib -o "ratata.elf"  ./src/helloworld.o ./src/platform.o   -Wl,--start-group,-lxil,-lgcc,-lc,--end-group
Finished building target: ratata.elf
 
Invoking: ARM Print Size
arm-xilinx-eabi-size ratata.elf  |tee "ratata.elf.size"
   text	   data	    bss	    dec	    hex	filename
  22892	   1152	  22564	  46608	   b610	ratata.elf
Finished building: ratata.elf.size
 

13:06:37 Build Finished (took 212ms)

