12:46:35 **** Auto Build of configuration Debug for project labo2_2 ****
make all 
Building file: ../src/helloworld.c
Invoking: ARM gcc compiler
arm-xilinx-eabi-gcc -Wall -O0 -g3 -c -fmessage-length=0 -MT"src/helloworld.o" -I../../standalone_bsp_0/ps7_cortexa9_0/include -MMD -MP -MF"src/helloworld.d" -MT"src/helloworld.d" -o "src/helloworld.o" "../src/helloworld.c"
Finished building: ../src/helloworld.c
 
Building target: labo2_2.elf
Invoking: ARM gcc linker
arm-xilinx-eabi-gcc -Wl,-T -Wl,../src/lscript.ld -L../../standalone_bsp_0/ps7_cortexa9_0/lib -o "labo2_2.elf"  ./src/helloworld.o ./src/platform.o   -Wl,--start-group,-lxil,-lgcc,-lc,--end-group
Finished building target: labo2_2.elf
 
Invoking: ARM Print Size
arm-xilinx-eabi-size labo2_2.elf  |tee "labo2_2.elf.size"
   text	   data	    bss	    dec	    hex	filename
  23848	   1168	  22580	  47596	   b9ec	labo2_2.elf
Finished building: labo2_2.elf.size
 

12:46:35 Build Finished (took 221ms)

